// Jest Snapshot v1, https://goo.gl/fbAQLP

exports[`should render EditExpensePage correctly 1`] = `
<div>
  <button
    onClick={[Function]}
  >
    Remove
  </button>
  <ExpenseForm
    expense={
      Object {
        "amount": 4500,
        "createdAt": 345600000,
        "description": "Credit Card",
        "id": "3",
        "note": "",
      }
    }
    onSubmit={[Function]}
  />
</div>
`;
